// Jest Snapshot v1, https://goo.gl/fbAQLP

exports[`App should render correctly 1`] = `
<ModalProvider>
  <Memo(l) />
  <styled.div>
    <Preview
      product={Object {}}
    />
    <section
      id="details"
    >
      <Basket
        product={Object {}}
      />
      <Shipping />
      <Tabs
        tabs={Array []}
      />
    </section>
  </styled.div>
</ModalProvider>
`;
