// Jest Snapshot v1, https://goo.gl/fbAQLP

exports[`Detail component renders 1`] = `
<DocumentFragment>
  <div
    class="sc-bdfBwQ kqAbSP"
  >
    <p
      class="fan"
    >
      <span
        data-testid="spantag"
      >
        Noe you see me 
      </span>
      Now you don't
    </p>
  </div>
</DocumentFragment>
`;
