// Jest Snapshot v1, https://goo.gl/fbAQLP

exports[`Tab component renders 1`] = `
<DocumentFragment>
  <div
    class="sc-bdfBwQ hrmhkb"
    data-testid="tabstyles"
  >
    <div
      class="clicked"
      role="title"
    >
      Detail
    </div>
    <div
      class="divider"
    />
  </div>
</DocumentFragment>
`;
